2025-02-23T08:04:00.000Z INFO worker heartbeat lane=1 queue_depth=21
2025-02-23T08:04:36.000Z INFO worker heartbeat lane=3 queue_depth=4
2025-02-23T08:05:12.000Z INFO worker heartbeat lane=2 queue_depth=20
2025-02-23T08:05:48.000Z INFO worker heartbeat lane=3 queue_depth=25
2025-02-23T08:06:25.000Z INFO worker heartbeat lane=1 queue_depth=34
2025-02-23T08:07:01.000Z INFO worker heartbeat lane=1 queue_depth=18
2025-02-23T08:07:37.000Z INFO worker heartbeat lane=3 queue_depth=12
2025-02-23T08:08:13.000Z INFO worker heartbeat lane=3 queue_depth=30
2025-02-23T08:08:50.000Z INFO worker heartbeat lane=0 queue_depth=28
2025-02-23T08:09:26.000Z INFO worker heartbeat lane=2 queue_depth=18
2025-02-23T08:10:02.000Z INFO worker heartbeat lane=2 queue_depth=28
2025-02-23T08:10:38.000Z INFO worker heartbeat lane=1 queue_depth=19
2025-02-23T08:11:15.000Z INFO worker heartbeat lane=2 queue_depth=23
2025-02-23T08:11:51.000Z INFO worker heartbeat lane=1 queue_depth=12
2025-02-23T08:12:27.000Z INFO worker heartbeat lane=0 queue_depth=23
2025-02-23T08:13:03.000Z INFO worker heartbeat lane=0 queue_depth=22
2025-02-23T08:13:40.000Z INFO worker heartbeat lane=2 queue_depth=33
2025-02-23T08:14:16.000Z INFO worker heartbeat lane=3 queue_depth=25
2025-02-23T08:14:52.000Z INFO worker heartbeat lane=3 queue_depth=33
2025-02-23T08:15:28.000Z INFO worker heartbeat lane=2 queue_depth=31
2025-02-23T08:16:05.000Z INFO worker heartbeat lane=0 queue_depth=32
2025-02-23T08:16:41.000Z INFO worker heartbeat lane=2 queue_depth=2
2025-02-23T08:17:17.000Z INFO worker heartbeat lane=1 queue_depth=15
2025-02-23T08:17:53.000Z INFO worker heartbeat lane=1 queue_depth=37
2025-02-23T08:18:30.000Z INFO worker heartbeat lane=3 queue_depth=3
2025-02-23T08:19:06.000Z INFO worker heartbeat lane=2 queue_depth=33
2025-02-23T08:19:42.000Z INFO worker heartbeat lane=1 queue_depth=23
2025-02-23T08:20:18.000Z INFO worker heartbeat lane=2 queue_depth=36
2025-02-23T08:20:55.000Z INFO worker heartbeat lane=3 queue_depth=25
2025-02-23T08:21:31.000Z INFO worker heartbeat lane=1 queue_depth=23
2025-02-23T08:22:07.000Z INFO worker heartbeat lane=3 queue_depth=19
2025-02-23T08:22:43.000Z INFO worker heartbeat lane=3 queue_depth=24
2025-02-23T08:23:20.000Z INFO worker heartbeat lane=0 queue_depth=18
2025-02-23T08:23:56.000Z INFO worker heartbeat lane=0 queue_depth=33
2025-02-23T08:24:32.000Z INFO worker heartbeat lane=1 queue_depth=15
2025-02-23T08:25:08.000Z INFO worker heartbeat lane=3 queue_depth=29
2025-02-23T08:25:45.000Z INFO worker heartbeat lane=1 queue_depth=13
2025-02-23T08:26:21.000Z INFO worker heartbeat lane=0 queue_depth=12
2025-02-23T08:26:57.000Z INFO worker heartbeat lane=0 queue_depth=2
2025-02-23T08:27:33.000Z INFO worker heartbeat lane=3 queue_depth=6
2025-02-23T08:28:10.000Z INFO worker heartbeat lane=3 queue_depth=38
2025-02-23T08:28:46.000Z INFO worker heartbeat lane=2 queue_depth=33
2025-02-23T08:29:22.000Z INFO worker heartbeat lane=1 queue_depth=38
2025-02-23T08:29:58.000Z INFO worker heartbeat lane=2 queue_depth=39
2025-02-23T08:30:35.000Z INFO worker heartbeat lane=1 queue_depth=1
2025-02-23T08:31:11.000Z INFO worker heartbeat lane=1 queue_depth=0
2025-02-23T08:31:47.000Z INFO worker heartbeat lane=3 queue_depth=34
2025-02-23T08:32:23.000Z INFO worker heartbeat lane=3 queue_depth=11
2025-02-23T08:33:00.000Z INFO worker heartbeat lane=2 queue_depth=28
2025-02-23T08:33:36.000Z INFO worker heartbeat lane=3 queue_depth=8
2025-02-23T08:34:12.000Z INFO worker heartbeat lane=3 queue_depth=21
2025-02-23T08:34:48.000Z INFO worker heartbeat lane=3 queue_depth=36
2025-02-23T08:35:25.000Z INFO worker heartbeat lane=0 queue_depth=39
2025-02-23T08:36:01.000Z INFO worker heartbeat lane=0 queue_depth=38
2025-02-23T08:36:37.000Z INFO worker heartbeat lane=3 queue_depth=39
2025-02-23T08:37:13.000Z INFO worker heartbeat lane=2 queue_depth=33
2025-02-23T08:37:50.000Z INFO worker heartbeat lane=3 queue_depth=7
2025-02-23T08:38:26.000Z INFO worker heartbeat lane=2 queue_depth=33
2025-02-23T08:39:02.000Z INFO worker heartbeat lane=1 queue_depth=36
2025-02-23T08:39:38.000Z INFO worker heartbeat lane=2 queue_depth=6
2025-02-23T08:40:15.000Z INFO worker heartbeat lane=0 queue_depth=11
2025-02-23T08:40:51.000Z INFO worker heartbeat lane=2 queue_depth=31
2025-02-23T08:41:27.000Z INFO worker heartbeat lane=1 queue_depth=22
2025-02-23T08:42:03.000Z INFO worker heartbeat lane=3 queue_depth=22
2025-02-23T08:42:40.000Z INFO worker heartbeat lane=3 queue_depth=0
2025-02-23T08:43:16.000Z INFO worker heartbeat lane=3 queue_depth=21
2025-02-23T08:43:52.000Z INFO worker heartbeat lane=0 queue_depth=35
2025-02-23T08:44:28.000Z INFO worker heartbeat lane=3 queue_depth=19
2025-02-23T08:45:05.000Z INFO worker heartbeat lane=3 queue_depth=25
2025-02-23T08:45:41.000Z INFO worker heartbeat lane=2 queue_depth=10
2025-02-23T08:46:17.000Z INFO worker heartbeat lane=3 queue_depth=27
2025-02-23T08:46:53.000Z INFO worker heartbeat lane=1 queue_depth=15
2025-02-23T08:47:30.000Z INFO worker heartbeat lane=3 queue_depth=2
2025-02-23T08:48:06.000Z INFO worker heartbeat lane=2 queue_depth=15
2025-02-23T08:48:42.000Z INFO worker heartbeat lane=3 queue_depth=23
2025-02-23T08:49:18.000Z INFO worker heartbeat lane=1 queue_depth=21
2025-02-23T08:49:55.000Z INFO worker heartbeat lane=1 queue_depth=26
2025-02-23T08:50:31.000Z INFO worker heartbeat lane=0 queue_depth=19
2025-02-23T08:51:07.000Z INFO worker heartbeat lane=1 queue_depth=23
2025-02-23T08:51:43.000Z INFO worker heartbeat lane=3 queue_depth=6
2025-02-23T08:54:00.000Z ERROR NullPointerException: discount lookup failed thread=lane-a txn-5E83A255
    at lookup_discount in orders/discount.go:66
    at apply in orders/pricing.go:31
2025-02-23T08:54:01.000Z ERROR NullPointerException: discount lookup failed thread=lane-b txn-97C05BDA
    at lookup_discount in orders/discount.go:66
    at apply in orders/pricing.go:31
2025-02-23T08:54:40.000Z ERROR NullPointerException: discount lookup failed thread=lane-a txn-5E83A255
    at lookup_discount in orders/discount.go:66
    at apply in orders/pricing.go:31
2025-02-23T08:54:41.000Z ERROR NullPointerException: discount lookup failed thread=lane-b txn-97C05BDA
    at lookup_discount in orders/discount.go:66
    at apply in orders/pricing.go:31
2025-02-23T08:55:20.000Z ERROR NullPointerException: discount lookup failed thread=lane-a txn-5E83A255
    at lookup_discount in orders/discount.go:66
    at apply in orders/pricing.go:31
2025-02-23T08:55:21.000Z ERROR NullPointerException: discount lookup failed thread=lane-b txn-97C05BDA
    at lookup_discount in orders/discount.go:66
    at apply in orders/pricing.go:31
