ts=1740989040 level=info service=orders-cluster host=db-04.example trace_id=trace-fbdf9a9b msg="heartbeat ok term=42 lag_ms=12"
ts=1740989075 level=info service=orders-cluster host=db-04.example trace_id=trace-6e936ccb msg="heartbeat ok term=40 lag_ms=29"
ts=1740989110 level=info service=orders-cluster host=db-04.example trace_id=trace-6ea4e6d6 msg="heartbeat ok term=40 lag_ms=40"
ts=1740989145 level=info service=orders-cluster host=db-04.example trace_id=trace-7ed4217b msg="heartbeat ok term=41 lag_ms=8"
ts=1740989180 level=info service=orders-cluster host=db-04.example trace_id=trace-af5d897d msg="heartbeat ok term=42 lag_ms=7"
ts=1740989215 level=info service=orders-cluster host=db-04.example trace_id=trace-825a97b3 msg="heartbeat ok term=41 lag_ms=11"
ts=1740989250 level=info service=orders-cluster host=db-04.example trace_id=trace-7ed4217b msg="heartbeat ok term=41 lag_ms=8"
ts=1740989285 level=info service=orders-cluster host=db-04.example trace_id=trace-7ed41749 msg="heartbeat ok term=41 lag_ms=2"
ts=1740989320 level=info service=orders-cluster host=db-04.example trace_id=trace-3f3971c9 msg="heartbeat ok term=40 lag_ms=1"
ts=1740989355 level=info service=orders-cluster host=db-04.example trace_id=trace-6ea4ea3c msg="heartbeat ok term=40 lag_ms=46"
ts=1740989390 level=info service=orders-cluster host=db-04.example trace_id=trace-825a9ccc msg="heartbeat ok term=41 lag_ms=14"
ts=1740989425 level=info service=orders-cluster host=db-04.example trace_id=trace-7ed41596 msg="heartbeat ok term=41 lag_ms=3"
ts=1740989460 level=info service=orders-cluster host=db-04.example trace_id=trace-8260c75f msg="heartbeat ok term=41 lag_ms=33"
ts=1740989495 level=info service=orders-cluster host=db-04.example trace_id=trace-6e935f33 msg="heartbeat ok term=40 lag_ms=21"
ts=1740989530 level=info service=orders-cluster host=db-04.example trace_id=trace-6e9cb44d msg="heartbeat ok term=40 lag_ms=16"
ts=1740989565 level=info service=orders-cluster host=db-04.example trace_id=trace-fbe1d225 msg="heartbeat ok term=42 lag_ms=29"
ts=1740989600 level=info service=orders-cluster host=db-04.example trace_id=trace-825a9b19 msg="heartbeat ok term=41 lag_ms=13"
ts=1740989635 level=info service=orders-cluster host=db-04.example trace_id=trace-3f397016 msg="heartbeat ok term=40 lag_ms=0"
ts=1740989670 level=info service=orders-cluster host=db-04.example trace_id=trace-826931fb msg="heartbeat ok term=41 lag_ms=46"
ts=1740989705 level=info service=orders-cluster host=db-04.example trace_id=trace-825a9966 msg="heartbeat ok term=41 lag_ms=12"
ts=1740989740 level=info service=orders-cluster host=db-04.example trace_id=trace-6e9cb29a msg="heartbeat ok term=40 lag_ms=17"
ts=1740989775 level=info service=orders-cluster host=db-04.example trace_id=trace-6e9c9ad0 msg="heartbeat ok term=40 lag_ms=19"
ts=1740989810 level=info service=orders-cluster host=db-04.example trace_id=trace-8260c5ac msg="heartbeat ok term=41 lag_ms=32"
ts=1740989845 level=info service=orders-cluster host=db-04.example trace_id=trace-fbdf8eb6 msg="heartbeat ok term=42 lag_ms=19"
ts=1740989880 level=info service=orders-cluster host=db-04.example trace_id=trace-6e9671f0 msg="heartbeat ok term=40 lag_ms=33"
ts=1740989915 level=info service=orders-cluster host=db-04.example trace_id=trace-fbe7de22 msg="heartbeat ok term=42 lag_ms=42"
ts=1740989950 level=info service=orders-cluster host=db-04.example trace_id=trace-6e9367b2 msg="heartbeat ok term=40 lag_ms=26"
ts=1740989985 level=info service=orders-cluster host=db-04.example trace_id=trace-fbe1d3d8 msg="heartbeat ok term=42 lag_ms=26"
ts=1740990020 level=info service=orders-cluster host=db-04.example trace_id=trace-825aa032 msg="heartbeat ok term=41 lag_ms=16"
ts=1740990055 level=info service=orders-cluster host=db-04.example trace_id=trace-fbe4cecb msg="heartbeat ok term=42 lag_ms=38"
ts=1740990090 level=info service=orders-cluster host=db-04.example trace_id=trace-6ea4e889 msg="heartbeat ok term=40 lag_ms=41"
ts=1740990125 level=info service=orders-cluster host=db-04.example trace_id=trace-8260c912 msg="heartbeat ok term=41 lag_ms=30"
ts=1740990160 level=info service=orders-cluster host=db-04.example trace_id=trace-6e935d80 msg="heartbeat ok term=40 lag_ms=20"
ts=1740990195 level=info service=orders-cluster host=db-04.example trace_id=trace-fbe7d909 msg="heartbeat ok term=42 lag_ms=47"
ts=1740990230 level=info service=orders-cluster host=db-04.example trace_id=trace-fbe7ea07 msg="heartbeat ok term=42 lag_ms=49"
ts=1740990265 level=info service=orders-cluster host=db-04.example trace_id=trace-af5d8617 msg="heartbeat ok term=42 lag_ms=5"
ts=1740990300 level=info service=orders-cluster host=db-04.example trace_id=trace-7ed41aaf msg="heartbeat ok term=41 lag_ms=4"
ts=1740990335 level=info service=orders-cluster host=db-04.example trace_id=trace-7ed41230 msg="heartbeat ok term=41 lag_ms=1"
ts=1740990370 level=info service=orders-cluster host=db-04.example trace_id=trace-825aa032 msg="heartbeat ok term=41 lag_ms=16"
ts=1740990405 level=info service=orders-cluster host=db-04.example trace_id=trace-825aa398 msg="heartbeat ok term=41 lag_ms=18"
ts=1740990440 level=info service=orders-cluster host=db-04.example trace_id=trace-8263e7b4 msg="heartbeat ok term=41 lag_ms=25"
ts=1740990475 level=info service=orders-cluster host=db-04.example trace_id=trace-6e936b18 msg="heartbeat ok term=40 lag_ms=28"
ts=1740990510 level=info service=orders-cluster host=db-04.example trace_id=trace-fbe4cb65 msg="heartbeat ok term=42 lag_ms=36"
ts=1740990545 level=info service=orders-cluster host=db-04.example trace_id=trace-82693c2d msg="heartbeat ok term=41 lag_ms=40"
ts=1740990580 level=info service=orders-cluster host=db-04.example trace_id=trace-fbe1d73e msg="heartbeat ok term=42 lag_ms=24"
ts=1740990615 level=info service=orders-cluster host=db-04.example trace_id=trace-3f396cb0 msg="heartbeat ok term=40 lag_ms=2"
ts=1740990650 level=info service=orders-cluster host=db-04.example trace_id=trace-6e967709 msg="heartbeat ok term=40 lag_ms=30"
ts=1740990685 level=info service=orders-cluster host=db-04.example trace_id=trace-6e9365ff msg="heartbeat ok term=40 lag_ms=25"
ts=1740990720 level=info service=orders-cluster host=db-04.example trace_id=trace-82693714 msg="heartbeat ok term=41 lag_ms=43"
ts=1740990755 level=info service=orders-cluster host=db-04.example trace_id=trace-7ed41749 msg="heartbeat ok term=41 lag_ms=2"
ts=1740990790 level=info service=orders-cluster host=db-04.example trace_id=trace-82693561 msg="heartbeat ok term=41 lag_ms=44"
ts=1740990825 level=info service=orders-cluster host=db-04.example trace_id=trace-af5d7f4b msg="heartbeat ok term=42 lag_ms=1"
ts=1740990860 level=info service=orders-cluster host=db-04.example trace_id=trace-af5d87ca msg="heartbeat ok term=42 lag_ms=6"
ts=1740990895 level=info service=orders-cluster host=db-04.example trace_id=trace-825a9e7f msg="heartbeat ok term=41 lag_ms=15"
ts=1740990930 level=info service=orders-cluster host=db-04.example trace_id=trace-6e9c9ad0 msg="heartbeat ok term=40 lag_ms=19"
ts=1740990965 level=info service=orders-cluster host=db-04.example trace_id=trace-6e9673a3 msg="heartbeat ok term=40 lag_ms=32"
ts=1740991000 level=info service=orders-cluster host=db-04.example trace_id=trace-af5d7000 msg="heartbeat ok term=42 lag_ms=8"
ts=1740991035 level=info service=orders-cluster host=db-04.example trace_id=trace-6ea4e889 msg="heartbeat ok term=40 lag_ms=41"
ts=1740991070 level=info service=orders-cluster host=db-04.example trace_id=trace-6e935f33 msg="heartbeat ok term=40 lag_ms=21"
ts=1740991105 level=info service=orders-cluster host=db-04.example trace_id=trace-fbe4cb65 msg="heartbeat ok term=42 lag_ms=36"
ts=1740991140 level=info service=orders-cluster host=db-04.example trace_id=trace-6e9c9c83 msg="heartbeat ok term=40 lag_ms=18"
ts=1740991175 level=info service=orders-cluster host=db-04.example trace_id=trace-6e9cb29a msg="heartbeat ok term=40 lag_ms=17"
ts=1740991210 level=info service=orders-cluster host=db-04.example trace_id=trace-6e9cad81 msg="heartbeat ok term=40 lag_ms=12"
ts=1740991245 level=info service=orders-cluster host=db-04.example trace_id=trace-6ea4f621 msg="heartbeat ok term=40 lag_ms=49"
ts=1740991280 level=info service=orders-cluster host=db-04.example trace_id=trace-8260c093 msg="heartbeat ok term=41 lag_ms=37"
ts=1740991315 level=info service=orders-cluster host=db-04.example trace_id=trace-7ed418fc msg="heartbeat ok term=41 lag_ms=5"
ts=1740991350 level=info service=orders-cluster host=db-04.example trace_id=trace-fbe4cecb msg="heartbeat ok term=42 lag_ms=38"
ts=1740991385 level=info service=orders-cluster host=db-04.example trace_id=trace-82693c2d msg="heartbeat ok term=41 lag_ms=40"
ts=1740991420 level=info service=orders-cluster host=db-04.example trace_id=trace-6e9671f0 msg="heartbeat ok term=40 lag_ms=33"
ts=1740991440 level=error service=orders-cluster host=db-04.example trace_id=trace-474071d5 msg="failover initiated primary fenced node-4A8213E6 quorum retained"
ts=1740991455 level=info service=orders-cluster host=db-04.example trace_id=trace-fbe1dfbd msg="heartbeat ok term=42 lag_ms=21"
ts=1740991490 level=info service=orders-cluster host=db-04.example trace_id=trace-6ea4ef55 msg="heartbeat ok term=40 lag_ms=45"
ts=1740991500 level=warn service=orders-cluster host=db-04.example trace_id=trace-07941a1b msg="replica promotion in progress promo-6BFEB62C draining sessions"
ts=1740991525 level=info service=orders-cluster host=db-04.example trace_id=trace-6e936299 msg="heartbeat ok term=40 lag_ms=23"
ts=1740991560 level=info service=orders-cluster host=db-04.example trace_id=trace-fbe4cecb msg="heartbeat ok term=42 lag_ms=38"
ts=1740991595 level=info service=orders-cluster host=db-04.example trace_id=trace-7ed413e3 msg="heartbeat ok term=41 lag_ms=0"
ts=1740991630 level=info service=orders-cluster host=db-04.example trace_id=trace-fbe4c9b2 msg="heartbeat ok term=42 lag_ms=37"
ts=1740991665 level=info service=orders-cluster host=db-04.example trace_id=trace-fbdf98e8 msg="heartbeat ok term=42 lag_ms=13"
ts=1740991700 level=info service=orders-cluster host=db-04.example trace_id=trace-af5d8617 msg="heartbeat ok term=42 lag_ms=5"
ts=1740991735 level=info service=orders-cluster host=db-04.example trace_id=trace-fbdfa4cd msg="heartbeat ok term=42 lag_ms=14"
ts=1740991770 level=info service=orders-cluster host=db-04.example trace_id=trace-fbe4c64c msg="heartbeat ok term=42 lag_ms=35"
ts=1740991805 level=info service=orders-cluster host=db-04.example trace_id=trace-8260cac5 msg="heartbeat ok term=41 lag_ms=31"
ts=1740991840 level=info service=orders-cluster host=db-04.example trace_id=trace-82693a7a msg="heartbeat ok term=41 lag_ms=41"
ts=1740991875 level=info service=orders-cluster host=db-04.example trace_id=trace-fbe4c64c msg="heartbeat ok term=42 lag_ms=35"
ts=1740991910 level=info service=orders-cluster host=db-04.example trace_id=trace-fbe4c2e6 msg="heartbeat ok term=42 lag_ms=33"
ts=1740991945 level=info service=orders-cluster host=db-04.example trace_id=trace-7ed41749 msg="heartbeat ok term=41 lag_ms=2"
ts=1740991980 level=info service=orders-cluster host=db-04.example trace_id=trace-826931fb msg="heartbeat ok term=41 lag_ms=46"
ts=1740992015 level=info service=orders-cluster host=db-04.example trace_id=trace-6e9caa1b msg="heartbeat ok term=40 lag_ms=10"
ts=1740992040 level=info service=orders-cluster host=db-04.example trace_id=trace-c655e21f msg="standby promoted accepting connections replication caught up pending"
ts=1740992050 level=info service=orders-cluster host=db-04.example trace_id=trace-825a97b3 msg="heartbeat ok term=41 lag_ms=11"
ts=1740992085 level=info service=orders-cluster host=db-04.example trace_id=trace-fbe7ea07 msg="heartbeat ok term=42 lag_ms=49"
ts=1740992100 level=info service=orders-cluster host=db-04.example trace_id=trace-a02fd0f0 msg="replication caught up lag_ms=0"
ts=1740992120 level=info service=orders-cluster host=db-04.example trace_id=trace-6e936965 msg="heartbeat ok term=40 lag_ms=27"
ts=1740992155 level=info service=orders-cluster host=db-04.example trace_id=trace-6e9cabce msg="heartbeat ok term=40 lag_ms=13"
ts=1740992190 level=info service=orders-cluster host=db-04.example trace_id=trace-6ea4ef55 msg="heartbeat ok term=40 lag_ms=45"
ts=1740992225 level=info service=orders-cluster host=db-04.example trace_id=trace-8260cac5 msg="heartbeat ok term=41 lag_ms=31"
ts=1740992260 level=info service=orders-cluster host=db-04.example trace_id=trace-fbe1d225 msg="heartbeat ok term=42 lag_ms=29"
ts=1740992295 level=info service=orders-cluster host=db-04.example trace_id=trace-8260cac5 msg="heartbeat ok term=41 lag_ms=31"
ts=1740992330 level=info service=orders-cluster host=db-04.example trace_id=trace-fbe7dc6f msg="heartbeat ok term=42 lag_ms=41"
ts=1740992365 level=info service=orders-cluster host=db-04.example trace_id=trace-af5d87ca msg="heartbeat ok term=42 lag_ms=6"
ts=1740992400 level=info service=orders-cluster host=db-04.example trace_id=trace-af5d87ca msg="heartbeat ok term=42 lag_ms=6"
ts=1740992435 level=info service=orders-cluster host=db-04.example trace_id=trace-8263eb1a msg="heartbeat ok term=41 lag_ms=27"
ts=1740992470 level=info service=orders-cluster host=db-04.example trace_id=trace-6e9cabce msg="heartbeat ok term=40 lag_ms=13"
ts=1740992505 level=info service=orders-cluster host=db-04.example trace_id=trace-6e9367b2 msg="heartbeat ok term=40 lag_ms=26"
ts=1740992540 level=info service=orders-cluster host=db-04.example trace_id=trace-8260c912 msg="heartbeat ok term=41 lag_ms=30"
ts=1740992575 level=info service=orders-cluster host=db-04.example trace_id=trace-6e936ccb msg="heartbeat ok term=40 lag_ms=29"
ts=1740992610 level=info service=orders-cluster host=db-04.example trace_id=trace-fbe1d3d8 msg="heartbeat ok term=42 lag_ms=26"
ts=1740992645 level=info service=orders-cluster host=db-04.example trace_id=trace-af5d8617 msg="heartbeat ok term=42 lag_ms=5"
ts=1740992680 level=info service=orders-cluster host=db-04.example trace_id=trace-fbdfa4cd msg="heartbeat ok term=42 lag_ms=14"
ts=1740992715 level=info service=orders-cluster host=db-04.example trace_id=trace-82692e95 msg="heartbeat ok term=41 lag_ms=48"
ts=1740992750 level=info service=orders-cluster host=db-04.example trace_id=trace-8263e0e8 msg="heartbeat ok term=41 lag_ms=21"
ts=1740992785 level=info service=orders-cluster host=db-04.example trace_id=trace-825a9ccc msg="heartbeat ok term=41 lag_ms=14"
ts=1740992820 level=info service=orders-cluster host=db-04.example trace_id=trace-8260d85d msg="heartbeat ok term=41 lag_ms=39"
ts=1740992855 level=info service=orders-cluster host=db-04.example trace_id=trace-8263e7b4 msg="heartbeat ok term=41 lag_ms=25"
ts=1740992890 level=info service=orders-cluster host=db-04.example trace_id=trace-8260c5ac msg="heartbeat ok term=41 lag_ms=32"
ts=1740992925 level=info service=orders-cluster host=db-04.example trace_id=trace-6e9cabce msg="heartbeat ok term=40 lag_ms=13"
ts=1740992960 level=info service=orders-cluster host=db-04.example trace_id=trace-fbe1dfbd msg="heartbeat ok term=42 lag_ms=21"
ts=1740992995 level=info service=orders-cluster host=db-04.example trace_id=trace-6e967556 msg="heartbeat ok term=40 lag_ms=31"
ts=1740993030 level=info service=orders-cluster host=db-04.example trace_id=trace-6e9367b2 msg="heartbeat ok term=40 lag_ms=26"
ts=1740993065 level=info service=orders-cluster host=db-04.example trace_id=trace-af5d82b1 msg="heartbeat ok term=42 lag_ms=3"
ts=1740993100 level=info service=orders-cluster host=db-04.example trace_id=trace-6e9caf34 msg="heartbeat ok term=40 lag_ms=15"
ts=1740993135 level=info service=orders-cluster host=db-04.example trace_id=trace-fbe4c64c msg="heartbeat ok term=42 lag_ms=35"
ts=1740993170 level=info service=orders-cluster host=db-04.example trace_id=trace-3f3971c9 msg="heartbeat ok term=40 lag_ms=1"
ts=1740993205 level=info service=orders-cluster host=db-04.example trace_id=trace-6e9365ff msg="heartbeat ok term=40 lag_ms=25"
