ts=1739865840 level=info service=app-server host=app-01.example trace_id=trace-0c93886d msg="pool stats active=2 idle=5 waiting=0"
ts=1739865851 level=info service=app-server host=app-01.example trace_id=trace-66823221 msg="session touch account=acct-99921681"
ts=1739865863 level=info service=app-server host=app-01.example trace_id=trace-6a7a809a msg="session touch account=acct-6b77c540"
ts=1739865874 level=info service=app-server host=app-01.example trace_id=trace-84cc2845 msg="pool stats active=7 idle=6 waiting=0"
ts=1739865886 level=info service=app-server host=app-01.example trace_id=trace-072dda16 msg="session touch account=acct-39241a7c"
ts=1739865897 level=info service=app-server host=app-01.example trace_id=trace-8f14dc25 msg="session touch account=acct-b5ca215d"
ts=1739865909 level=info service=app-server host=app-01.example trace_id=trace-96b9b95d msg="pool stats active=5 idle=8 waiting=0"
ts=1739865920 level=info service=app-server host=app-01.example trace_id=trace-c13cc764 msg="session touch account=acct-24ad90c7"
ts=1739865932 level=info service=app-server host=app-01.example trace_id=trace-198f80c3 msg="session touch account=acct-c0253150"
ts=1739865943 level=info service=app-server host=app-01.example trace_id=trace-ace8eae3 msg="pool stats active=6 idle=7 waiting=0"
ts=1739865955 level=info service=app-server host=app-01.example trace_id=trace-ef9ac0a9 msg="session touch account=acct-3bb2783d"
ts=1739865966 level=info service=app-server host=app-01.example trace_id=trace-5b6bd90d msg="session touch account=acct-98fb65a8"
ts=1739865978 level=info service=app-server host=app-01.example trace_id=trace-f0bc2332 msg="pool stats active=2 idle=8 waiting=0"
ts=1739865990 level=info service=app-server host=app-01.example trace_id=trace-ee24ce89 msg="session touch account=acct-2555245c"
ts=1739866001 level=info service=app-server host=app-01.example trace_id=trace-4adf5e9d msg="session touch account=acct-ca5f5690"
ts=1739866013 level=info service=app-server host=app-01.example trace_id=trace-0c93886d msg="pool stats active=2 idle=5 waiting=0"
ts=1739866024 level=info service=app-server host=app-01.example trace_id=trace-b557ef47 msg="session touch account=acct-133caaab"
ts=1739866036 level=debug service=app-server host=app-01.example trace_id=trace-7f1a1697 msg="deployment scan completed in 291 ms"
ts=1739866047 level=info service=app-server host=app-01.example trace_id=trace-ace8eae3 msg="pool stats active=6 idle=7 waiting=0"
ts=1739866059 level=info service=app-server host=app-01.example trace_id=trace-61c2113c msg="session touch account=acct-0a0478ec"
ts=1739866070 level=info service=app-server host=app-01.example trace_id=trace-ecb600c4 msg="session touch account=acct-3c5b0490"
ts=1739866082 level=info service=app-server host=app-01.example trace_id=trace-ddbd6bfc msg="pool stats active=5 idle=7 waiting=0"
ts=1739866093 level=info service=app-server host=app-01.example trace_id=trace-36c4932b msg="session touch account=acct-8a45553f"
ts=1739866105 level=info service=app-server host=app-01.example trace_id=trace-d57ca223 msg="session touch account=acct-c8f27c8b"
ts=1739866116 level=info service=app-server host=app-01.example trace_id=trace-bd542130 msg="pool stats active=4 idle=8 waiting=0"
ts=1739866128 level=info service=app-server host=app-01.example trace_id=trace-d6331607 msg="session touch account=acct-caee5105"
ts=1739866140 level=info service=app-server host=app-01.example trace_id=trace-76f5d54b msg="session touch account=acct-f96a2e24"
ts=1739866151 level=info service=app-server host=app-01.example trace_id=trace-aa1733a2 msg="pool stats active=5 idle=5 waiting=0"
ts=1739866163 level=info service=app-server host=app-01.example trace_id=trace-d988fb47 msg="session touch account=acct-157e5093"
ts=1739866174 level=info service=app-server host=app-01.example trace_id=trace-706a5e42 msg="session touch account=acct-dbfa63e1"
ts=1739866186 level=info service=app-server host=app-01.example trace_id=trace-b28aa067 msg="pool stats active=2 idle=7 waiting=0"
ts=1739866197 level=info service=app-server host=app-01.example trace_id=trace-2de47838 msg="session touch account=acct-6de82eae"
ts=1739866209 level=info service=app-server host=app-01.example trace_id=trace-a0869f9c msg="session touch account=acct-47af0d1a"
ts=1739866220 level=info service=app-server host=app-01.example trace_id=trace-ddbd6bfc msg="pool stats active=5 idle=7 waiting=0"
ts=1739866232 level=debug service=app-server host=app-01.example trace_id=trace-2128aeaf msg="deployment scan completed in 211 ms"
ts=1739866243 level=info service=app-server host=app-01.example trace_id=trace-961ce5ff msg="session touch account=acct-5d175229"
ts=1739866255 level=info service=app-server host=app-01.example trace_id=trace-f0bc2332 msg="pool stats active=2 idle=8 waiting=0"
ts=1739866266 level=info service=app-server host=app-01.example trace_id=trace-b4d62585 msg="session touch account=acct-55f7dffd"
ts=1739866278 level=info service=app-server host=app-01.example trace_id=trace-90fb5b3d msg="session touch account=acct-666e1a91"
ts=1739866290 level=info service=app-server host=app-01.example trace_id=trace-7c7a36a0 msg="pool stats active=1 idle=7 waiting=0"
ts=1739866301 level=info service=app-server host=app-01.example trace_id=trace-536fdba8 msg="session touch account=acct-db1667e5"
ts=1739866313 level=info service=app-server host=app-01.example trace_id=trace-98e784ff msg="session touch account=acct-70d5079e"
ts=1739866324 level=info service=app-server host=app-01.example trace_id=trace-cec54ef4 msg="pool stats active=3 idle=5 waiting=0"
ts=1739866336 level=info service=app-server host=app-01.example trace_id=trace-50bcf675 msg="session touch account=acct-d0c346a0"
ts=1739866347 level=info service=app-server host=app-01.example trace_id=trace-99405335 msg="session touch account=acct-77065853"
ts=1739866359 level=info service=app-server host=app-01.example trace_id=trace-4b28c1f8 msg="pool stats active=2 idle=6 waiting=0"
ts=1739866370 level=info service=app-server host=app-01.example trace_id=trace-9ed71abc msg="session touch account=acct-424d3249"
ts=1739866382 level=info service=app-server host=app-01.example trace_id=trace-3a0ff75a msg="session touch account=acct-72a43667"
ts=1739866393 level=info service=app-server host=app-01.example trace_id=trace-ace8eae3 msg="pool stats active=6 idle=7 waiting=0"
ts=1739866405 level=info service=app-server host=app-01.example trace_id=trace-e444f25e msg="session touch account=acct-9a24ec1e"
ts=1739866416 level=info service=app-server host=app-01.example trace_id=trace-69491a7b msg="session touch account=acct-f25868c9"
ts=1739866428 level=info service=app-server host=app-01.example trace_id=trace-cec54ef4 msg="pool stats active=3 idle=5 waiting=0"
ts=1739866440 level=info service=app-server host=app-01.example trace_id=trace-18bd74cf msg="session touch account=acct-6f6caf7d"
ts=1739866451 level=info service=app-server host=app-01.example trace_id=trace-afe77a3d msg="session touch account=acct-8b85c632"
ts=1739866463 level=info service=app-server host=app-01.example trace_id=trace-cec54ef4 msg="pool stats active=3 idle=5 waiting=0"
ts=1739866474 level=info service=app-server host=app-01.example trace_id=trace-ef839fb9 msg="session touch account=acct-e3a22b5e"
ts=1739866486 level=info service=app-server host=app-01.example trace_id=trace-14858806 msg="session touch account=acct-9c59fd99"
ts=1739866497 level=info service=app-server host=app-01.example trace_id=trace-4b28c1f8 msg="pool stats active=2 idle=6 waiting=0"
ts=1739866509 level=info service=app-server host=app-01.example trace_id=trace-92cfd11e msg="session touch account=acct-f7d698a5"
ts=1739866520 level=info service=app-server host=app-01.example trace_id=trace-1ea312e2 msg="session touch account=acct-5d053e3e"
ts=1739866532 level=info service=app-server host=app-01.example trace_id=trace-bd542130 msg="pool stats active=4 idle=8 waiting=0"
ts=1739866543 level=info service=app-server host=app-01.example trace_id=trace-911fae0f msg="session touch account=acct-de81068c"
ts=1739866555 level=info service=app-server host=app-01.example trace_id=trace-154d9fd2 msg="session touch account=acct-995d7fbf"
ts=1739866566 level=info service=app-server host=app-01.example trace_id=trace-52c519ef msg="pool stats active=1 idle=6 waiting=0"
ts=1739866578 level=info service=app-server host=app-01.example trace_id=trace-8d74c043 msg="session touch account=acct-cbc94741"
ts=1739866590 level=info service=app-server host=app-01.example trace_id=trace-301599cd msg="session touch account=acct-710c91fd"
ts=1739866601 level=info service=app-server host=app-01.example trace_id=trace-ddbd6bfc msg="pool stats active=5 idle=7 waiting=0"
ts=1739866613 level=info service=app-server host=app-01.example trace_id=trace-96ded351 msg="session touch account=acct-7901ba56"
ts=1739866624 level=debug service=app-server host=app-01.example trace_id=trace-704e2368 msg="deployment scan completed in 285 ms"
ts=1739866636 level=info service=app-server host=app-01.example trace_id=trace-9438a53a msg="pool stats active=4 idle=6 waiting=0"
ts=1739866647 level=info service=app-server host=app-01.example trace_id=trace-aa41d45c msg="session touch account=acct-64d72fcd"
ts=1739866659 level=info service=app-server host=app-01.example trace_id=trace-b26bc730 msg="session touch account=acct-918bfc52"
ts=1739866670 level=info service=app-server host=app-01.example trace_id=trace-ddbd6bfc msg="pool stats active=5 idle=7 waiting=0"
ts=1739866682 level=info service=app-server host=app-01.example trace_id=trace-e2793356 msg="session touch account=acct-c990005f"
ts=1739866693 level=info service=app-server host=app-01.example trace_id=trace-284a08cd msg="session touch account=acct-4db362a9"
ts=1739866705 level=info service=app-server host=app-01.example trace_id=trace-e0dc2bd9 msg="pool stats active=6 idle=5 waiting=0"
ts=1739866716 level=info service=app-server host=app-01.example trace_id=trace-55001961 msg="session touch account=acct-3b3e9ff7"
ts=1739866728 level=info service=app-server host=app-01.example trace_id=trace-075bfdaa msg="session touch account=acct-591e6c76"
ts=1739866740 level=info service=app-server host=app-01.example trace_id=trace-6eaf6b89 msg="pool stats active=1 idle=8 waiting=0"
ts=1739866751 level=info service=app-server host=app-01.example trace_id=trace-af7a6c4f msg="session touch account=acct-194f372e"
ts=1739866763 level=info service=app-server host=app-01.example trace_id=trace-bf3fa1be msg="session touch account=acct-106f996e"
ts=1739866774 level=info service=app-server host=app-01.example trace_id=trace-4fc33d76 msg="pool stats active=6 idle=8 waiting=0"
ts=1739866786 level=info service=app-server host=app-01.example trace_id=trace-9a51731e msg="session touch account=acct-ff43f1db"
ts=1739866797 level=info service=app-server host=app-01.example trace_id=trace-dcc55afb msg="session touch account=acct-3d7bb23b"
ts=1739866809 level=info service=app-server host=app-01.example trace_id=trace-a384be94 msg="pool stats active=6 idle=6 waiting=0"
ts=1739866820 level=debug service=app-server host=app-01.example trace_id=trace-253eda08 msg="deployment scan completed in 142 ms"
ts=1739866832 level=info service=app-server host=app-01.example trace_id=trace-c60af7ff msg="session touch account=acct-057ff203"
ts=1739866843 level=info service=app-server host=app-01.example trace_id=trace-4b28c1f8 msg="pool stats active=2 idle=6 waiting=0"
ts=1739866855 level=info service=app-server host=app-01.example trace_id=trace-edad3501 msg="session touch account=acct-6e87e123"
ts=1739866866 level=info service=app-server host=app-01.example trace_id=trace-f1e05574 msg="session touch account=acct-50661c54"
ts=1739866878 level=info service=app-server host=app-01.example trace_id=trace-6eaf6b89 msg="pool stats active=1 idle=8 waiting=0"
ts=1739866890 level=info service=app-server host=app-01.example trace_id=trace-3cec507d msg="session touch account=acct-3ca35a03"
ts=1739866901 level=info service=app-server host=app-01.example trace_id=trace-211735ce msg="session touch account=acct-a8d0e38a"
ts=1739866913 level=info service=app-server host=app-01.example trace_id=trace-52c519ef msg="pool stats active=1 idle=6 waiting=0"
ts=1739866924 level=info service=app-server host=app-01.example trace_id=trace-d1143cb9 msg="session touch account=acct-777afe86"
ts=1739866936 level=info service=app-server host=app-01.example trace_id=trace-3746e12a msg="session touch account=acct-234e761b"
ts=1739866947 level=info service=app-server host=app-01.example trace_id=trace-e0dc2bd9 msg="pool stats active=6 idle=5 waiting=0"
ts=1739866959 level=info service=app-server host=app-01.example trace_id=trace-0dc6fe0c msg="session touch account=acct-21ab98ef"
ts=1739866970 level=info service=app-server host=app-01.example trace_id=trace-f2ea61b4 msg="session touch account=acct-5764ef2e"
ts=1739866982 level=info service=app-server host=app-01.example trace_id=trace-cead63fe msg="pool stats active=0 idle=6 waiting=0"
ts=1739866993 level=info service=app-server host=app-01.example trace_id=trace-5018125b msg="session touch account=acct-48fa80b4"
ts=1739867005 level=info service=app-server host=app-01.example trace_id=trace-cba6c7ce msg="session touch account=acct-e176fa93"
ts=1739867016 level=info service=app-server host=app-01.example trace_id=trace-4b28c1f8 msg="pool stats active=2 idle=6 waiting=0"
ts=1739867028 level=info service=app-server host=app-01.example trace_id=trace-80a949b0 msg="session touch account=acct-b427479c"
ts=1739867040 level=info service=app-server host=app-01.example trace_id=trace-e936558c msg="session touch account=acct-0bab7cd5"
ts=1739867051 level=info service=app-server host=app-01.example trace_id=trace-52c519ef msg="pool stats active=1 idle=6 waiting=0"
ts=1739867063 level=info service=app-server host=app-01.example trace_id=trace-cad9f5af msg="session touch account=acct-2e7da42b"
ts=1739867074 level=info service=app-server host=app-01.example trace_id=trace-02383a82 msg="session touch account=acct-dfe1f14a"
ts=1739867086 level=info service=app-server host=app-01.example trace_id=trace-ddbd6bfc msg="pool stats active=5 idle=7 waiting=0"
ts=1739867097 level=info service=app-server host=app-01.example trace_id=trace-afeb8019 msg="session touch account=acct-22fa776d"
ts=1739867109 level=info service=app-server host=app-01.example trace_id=trace-33afa2ee msg="session touch account=acct-471060e3"
ts=1739867120 level=info service=app-server host=app-01.example trace_id=trace-5e4ed5c7 msg="pool stats active=0 idle=5 waiting=0"
ts=1739867132 level=info service=app-server host=app-01.example trace_id=trace-d4ff4c59 msg="session touch account=acct-6544c6ad"
ts=1739867143 level=info service=app-server host=app-01.example trace_id=trace-2e236ab9 msg="session touch account=acct-74560cec"
ts=1739867155 level=info service=app-server host=app-01.example trace_id=trace-ab53aa4d msg="pool stats active=0 idle=7 waiting=0"
ts=1739867166 level=info service=app-server host=app-01.example trace_id=trace-f4bc9cc3 msg="session touch account=acct-706c9950"
ts=1739867178 level=info service=app-server host=app-01.example trace_id=trace-f4f20444 msg="session touch account=acct-10b8e745"
ts=1739867190 level=info service=app-server host=app-01.example trace_id=trace-f0bc2332 msg="pool stats active=2 idle=8 waiting=0"
ts=1739867201 level=info service=app-server host=app-01.example trace_id=trace-2693f0ed msg="session touch account=acct-6f9a0a71"
ts=1739867213 level=debug service=app-server host=app-01.example trace_id=trace-b5b6ac1f msg="deployment scan completed in 112 ms"
ts=1739867224 level=info service=app-server host=app-01.example trace_id=trace-23713e03 msg="pool stats active=7 idle=8 waiting=0"
ts=1739867236 level=info service=app-server host=app-01.example trace_id=trace-8a7d80b5 msg="session touch account=acct-ce234b22"
ts=1739867247 level=info service=app-server host=app-01.example trace_id=trace-ef18cf93 msg="session touch account=acct-ddec6469"
ts=1739867259 level=info service=app-server host=app-01.example trace_id=trace-56801c8b msg="pool stats active=5 idle=6 waiting=0"
ts=1739867270 level=info service=app-server host=app-01.example trace_id=trace-2273e9c2 msg="session touch account=acct-0d09b892"
ts=1739867282 level=info service=app-server host=app-01.example trace_id=trace-7e9cbf71 msg="session touch account=acct-4f06110e"
ts=1739867293 level=info service=app-server host=app-01.example trace_id=trace-52c519ef msg="pool stats active=1 idle=6 waiting=0"
ts=1739867305 level=info service=app-server host=app-01.example trace_id=trace-cd2e8dbd msg="session touch account=acct-7bb8dd59"
ts=1739867316 level=info service=app-server host=app-01.example trace_id=trace-66e8d58b msg="session touch account=acct-d9eb59d7"
ts=1739867328 level=info service=app-server host=app-01.example trace_id=trace-56801c8b msg="pool stats active=5 idle=6 waiting=0"
ts=1739867340 level=info service=app-server host=app-01.example trace_id=trace-d91a2fe0 msg="session touch account=acct-08160cdb"
ts=1739867351 level=info service=app-server host=app-01.example trace_id=trace-3f478d00 msg="session touch account=acct-54e48dd8"
ts=1739867363 level=info service=app-server host=app-01.example trace_id=trace-cec54ef4 msg="pool stats active=3 idle=5 waiting=0"
ts=1739867374 level=info service=app-server host=app-01.example trace_id=trace-210be1f9 msg="session touch account=acct-5f4a00d3"
ts=1739867386 level=info service=app-server host=app-01.example trace_id=trace-f00c4b5f msg="session touch account=acct-aaf4d672"
ts=1739867397 level=info service=app-server host=app-01.example trace_id=trace-e0dc2bd9 msg="pool stats active=6 idle=5 waiting=0"
ts=1739867409 level=debug service=app-server host=app-01.example trace_id=trace-a0ccd7db msg="deployment scan completed in 202 ms"
ts=1739867420 level=info service=app-server host=app-01.example trace_id=trace-4048ece3 msg="session touch account=acct-8cb70362"
ts=1739867432 level=info service=app-server host=app-01.example trace_id=trace-8cf59699 msg="pool stats active=4 idle=7 waiting=0"
ts=1739867443 level=info service=app-server host=app-01.example trace_id=trace-9ad9edb6 msg="session touch account=acct-08503156"
ts=1739867455 level=info service=app-server host=app-01.example trace_id=trace-5390b90a msg="session touch account=acct-8f0d6734"
ts=1739867466 level=info service=app-server host=app-01.example trace_id=trace-b28aa067 msg="pool stats active=2 idle=7 waiting=0"
ts=1739867478 level=info service=app-server host=app-01.example trace_id=trace-4cfb5da8 msg="session touch account=acct-730ba9b0"
ts=1739867490 level=info service=app-server host=app-01.example trace_id=trace-66dcd30e msg="session touch account=acct-21c3ad35"
ts=1739867501 level=info service=app-server host=app-01.example trace_id=trace-97bcdd16 msg="pool stats active=7 idle=7 waiting=0"
ts=1739867513 level=info service=app-server host=app-01.example trace_id=trace-aa3d4244 msg="session touch account=acct-563cd6cd"
ts=1739867524 level=info service=app-server host=app-01.example trace_id=trace-77cccbc4 msg="session touch account=acct-cdf448e0"
ts=1739867536 level=info service=app-server host=app-01.example trace_id=trace-4fc33d76 msg="pool stats active=6 idle=8 waiting=0"
ts=1739867547 level=info service=app-server host=app-01.example trace_id=trace-3b80dbf1 msg="session touch account=acct-2944432e"
ts=1739867559 level=info service=app-server host=app-01.example trace_id=trace-ff57a519 msg="session touch account=acct-0a1dbb7d"
ts=1739867570 level=info service=app-server host=app-01.example trace_id=trace-14b182a3 msg="pool stats active=4 idle=5 waiting=0"
ts=1739867582 level=info service=app-server host=app-01.example trace_id=trace-3d4b932b msg="session touch account=acct-3b766959"
ts=1739867593 level=info service=app-server host=app-01.example trace_id=trace-bdbb976c msg="session touch account=acct-d7f048f3"
ts=1739867605 level=info service=app-server host=app-01.example trace_id=trace-f0bc2332 msg="pool stats active=2 idle=8 waiting=0"
ts=1739867616 level=info service=app-server host=app-01.example trace_id=trace-3c324c95 msg="session touch account=acct-e119e440"
ts=1739867628 level=info service=app-server host=app-01.example trace_id=trace-b08ac1e9 msg="session touch account=acct-39f8e222"
ts=1739867640 level=info service=app-server host=app-01.example trace_id=trace-0c93886d msg="pool stats active=2 idle=5 waiting=0"
ts=1739867651 level=info service=app-server host=app-01.example trace_id=trace-8130c83d msg="session touch account=acct-5175977d"
ts=1739867663 level=info service=app-server host=app-01.example trace_id=trace-847482f5 msg="session touch account=acct-d2ae3b79"
ts=1739867674 level=info service=app-server host=app-01.example trace_id=trace-8593c89f msg="pool stats active=3 idle=8 waiting=0"
ts=1739867686 level=info service=app-server host=app-01.example trace_id=trace-3533596d msg="session touch account=acct-36ae9fe8"
ts=1739867697 level=info service=app-server host=app-01.example trace_id=trace-1cf80cf3 msg="session touch account=acct-cf34025b"
ts=1739867709 level=info service=app-server host=app-01.example trace_id=trace-4b28c1f8 msg="pool stats active=2 idle=6 waiting=0"
ts=1739867720 level=info service=app-server host=app-01.example trace_id=trace-b8cd9ed5 msg="session touch account=acct-e2527aad"
ts=1739867732 level=info service=app-server host=app-01.example trace_id=trace-8dcdaa43 msg="session touch account=acct-e5765627"
ts=1739867743 level=info service=app-server host=app-01.example trace_id=trace-4b28c1f8 msg="pool stats active=2 idle=6 waiting=0"
ts=1739867755 level=info service=app-server host=app-01.example trace_id=trace-fd694f3f msg="session touch account=acct-89fd206b"
ts=1739867766 level=info service=app-server host=app-01.example trace_id=trace-0c295dae msg="session touch account=acct-fd2eb89f"
ts=1739867778 level=info service=app-server host=app-01.example trace_id=trace-8593c89f msg="pool stats active=3 idle=8 waiting=0"
ts=1739867790 level=info service=app-server host=app-01.example trace_id=trace-c785f51a msg="session touch account=acct-16f9de6c"
ts=1739867801 level=debug service=app-server host=app-01.example trace_id=trace-3cef5ccb msg="deployment scan completed in 354 ms"
ts=1739867813 level=info service=app-server host=app-01.example trace_id=trace-ab53aa4d msg="pool stats active=0 idle=7 waiting=0"
ts=1739867824 level=info service=app-server host=app-01.example trace_id=trace-2b6b3a3f msg="session touch account=acct-9cd58b95"
ts=1739867836 level=info service=app-server host=app-01.example trace_id=trace-a87a6044 msg="session touch account=acct-cd7c2526"
ts=1739867847 level=info service=app-server host=app-01.example trace_id=trace-52c519ef msg="pool stats active=1 idle=6 waiting=0"
ts=1739867859 level=info service=app-server host=app-01.example trace_id=trace-b1c32a35 msg="session touch account=acct-b3b7ceed"
ts=1739867870 level=info service=app-server host=app-01.example trace_id=trace-202e3bf7 msg="session touch account=acct-d76b54f3"
ts=1739867882 level=info service=app-server host=app-01.example trace_id=trace-97bcdd16 msg="pool stats active=7 idle=7 waiting=0"
ts=1739867893 level=info service=app-server host=app-01.example trace_id=trace-abc7ffb3 msg="session touch account=acct-4f802ce9"
ts=1739867905 level=info service=app-server host=app-01.example trace_id=trace-7a432d49 msg="session touch account=acct-f00d7dce"
ts=1739867916 level=info service=app-server host=app-01.example trace_id=trace-6eaf6b89 msg="pool stats active=1 idle=8 waiting=0"
ts=1739867928 level=info service=app-server host=app-01.example trace_id=trace-2b8bbd67 msg="session touch account=acct-68a73309"
ts=1739867940 level=info service=app-server host=app-01.example trace_id=trace-e382a0b6 msg="session touch account=acct-79483ee9"
ts=1739867951 level=info service=app-server host=app-01.example trace_id=trace-4fc33d76 msg="pool stats active=6 idle=8 waiting=0"
ts=1739867963 level=info service=app-server host=app-01.example trace_id=trace-141d878f msg="session touch account=acct-8c290a13"
ts=1739867974 level=info service=app-server host=app-01.example trace_id=trace-b933845d msg="session touch account=acct-a1aafe5c"
ts=1739867986 level=info service=app-server host=app-01.example trace_id=trace-56801c8b msg="pool stats active=5 idle=6 waiting=0"
ts=1739867997 level=debug service=app-server host=app-01.example trace_id=trace-7bae6358 msg="deployment scan completed in 199 ms"
ts=1739868009 level=info service=app-server host=app-01.example trace_id=trace-85bb4b83 msg="session touch account=acct-164b81e8"
ts=1739868020 level=info service=app-server host=app-01.example trace_id=trace-bd542130 msg="pool stats active=4 idle=8 waiting=0"
ts=1739868032 level=info service=app-server host=app-01.example trace_id=trace-d49bde94 msg="session touch account=acct-62295a56"
ts=1739868043 level=info service=app-server host=app-01.example trace_id=trace-fa2e0d59 msg="session touch account=acct-93e103b4"
ts=1739868055 level=info service=app-server host=app-01.example trace_id=trace-84cc2845 msg="pool stats active=7 idle=6 waiting=0"
ts=1739868066 level=info service=app-server host=app-01.example trace_id=trace-6bc8d765 msg="session touch account=acct-cbfc22c8"
ts=1739868078 level=info service=app-server host=app-01.example trace_id=trace-5b3c61ec msg="session touch account=acct-2015b7b3"
ts=1739868090 level=info service=app-server host=app-01.example trace_id=trace-96b9b95d msg="pool stats active=5 idle=8 waiting=0"
ts=1739868101 level=info service=app-server host=app-01.example trace_id=trace-cbeb0943 msg="session touch account=acct-25fe4da2"
ts=1739868113 level=info service=app-server host=app-01.example trace_id=trace-2ed27088 msg="session touch account=acct-18f76e70"
ts=1739868124 level=info service=app-server host=app-01.example trace_id=trace-4b28c1f8 msg="pool stats active=2 idle=6 waiting=0"
ts=1739868136 level=info service=app-server host=app-01.example trace_id=trace-346b9a64 msg="session touch account=acct-9f1658fa"
ts=1739868147 level=info service=app-server host=app-01.example trace_id=trace-652b505b msg="session touch account=acct-8e049a68"
ts=1739868159 level=info service=app-server host=app-01.example trace_id=trace-06c7fb26 msg="pool stats active=1 idle=5 waiting=0"
ts=1739868170 level=info service=app-server host=app-01.example trace_id=trace-5acb0a15 msg="session touch account=acct-e5a54e37"
ts=1739868182 level=info service=app-server host=app-01.example trace_id=trace-a47e1a0a msg="session touch account=acct-1a7c5abf"
ts=1739868193 level=info service=app-server host=app-01.example trace_id=trace-56801c8b msg="pool stats active=5 idle=6 waiting=0"
ts=1739868205 level=info service=app-server host=app-01.example trace_id=trace-3de39db1 msg="session touch account=acct-136b0a9e"
ts=1739868216 level=info service=app-server host=app-01.example trace_id=trace-84f6d29e msg="session touch account=acct-79cbd0a2"
ts=1739868228 level=info service=app-server host=app-01.example trace_id=trace-23713e03 msg="pool stats active=7 idle=8 waiting=0"
ts=1739868240 level=info service=app-server host=app-01.example trace_id=trace-d76e0f4d msg="session touch account=acct-464d0c11"
ts=1739868251 level=info service=app-server host=app-01.example trace_id=trace-a379662c msg="session touch account=acct-ace0124f"
ts=1739868263 level=info service=app-server host=app-01.example trace_id=trace-7c7a36a0 msg="pool stats active=1 idle=7 waiting=0"
ts=1739868274 level=info service=app-server host=app-01.example trace_id=trace-e04dcdf6 msg="session touch account=acct-72e26147"
ts=1739868286 level=info service=app-server host=app-01.example trace_id=trace-08384d9f msg="session touch account=acct-b677c161"
ts=1739868297 level=info service=app-server host=app-01.example trace_id=trace-23713e03 msg="pool stats active=7 idle=8 waiting=0"
ts=1739868309 level=info service=app-server host=app-01.example trace_id=trace-6d73245d msg="session touch account=acct-74fe6fb7"
ts=1739868320 level=info service=app-server host=app-01.example trace_id=trace-044913db msg="session touch account=acct-d1fbb88b"
ts=1739868332 level=info service=app-server host=app-01.example trace_id=trace-96b9b95d msg="pool stats active=5 idle=8 waiting=0"
ts=1739868343 level=info service=app-server host=app-01.example trace_id=trace-574205fe msg="session touch account=acct-20be4f05"
ts=1739868355 level=info service=app-server host=app-01.example trace_id=trace-137523c5 msg="session touch account=acct-15dd56ec"
ts=1739868366 level=info service=app-server host=app-01.example trace_id=trace-cead63fe msg="pool stats active=0 idle=6 waiting=0"
ts=1739868378 level=info service=app-server host=app-01.example trace_id=trace-b792acba msg="session touch account=acct-b688e63f"
ts=1739868390 level=debug service=app-server host=app-01.example trace_id=trace-1497b40d msg="deployment scan completed in 222 ms"
ts=1739868401 level=info service=app-server host=app-01.example trace_id=trace-4fc33d76 msg="pool stats active=6 idle=8 waiting=0"
ts=1739868413 level=info service=app-server host=app-01.example trace_id=trace-d2f25534 msg="session touch account=acct-a7faf922"
ts=1739868424 level=info service=app-server host=app-01.example trace_id=trace-0385805a msg="session touch account=acct-ea7ec8a2"
ts=1739868436 level=info service=app-server host=app-01.example trace_id=trace-56801c8b msg="pool stats active=5 idle=6 waiting=0"
ts=1739868447 level=info service=app-server host=app-01.example trace_id=trace-c12c7313 msg="session touch account=acct-f793208b"
ts=1739868459 level=info service=app-server host=app-01.example trace_id=trace-502d99d0 msg="session touch account=acct-c83f0e83"
ts=1739868470 level=info service=app-server host=app-01.example trace_id=trace-810fa110 msg="pool stats active=7 idle=5 waiting=0"
ts=1739868482 level=info service=app-server host=app-01.example trace_id=trace-3619872c msg="session touch account=acct-a0a44bf4"
ts=1739868493 level=info service=app-server host=app-01.example trace_id=trace-99a7fff9 msg="session touch account=acct-1e1e790c"
ts=1739868505 level=info service=app-server host=app-01.example trace_id=trace-810fa110 msg="pool stats active=7 idle=5 waiting=0"
ts=1739868516 level=info service=app-server host=app-01.example trace_id=trace-5872c228 msg="session touch account=acct-d43650d4"
ts=1739868528 level=info service=app-server host=app-01.example trace_id=trace-cc0d8760 msg="session touch account=acct-4bb95ce2"
ts=1739868540 level=info service=app-server host=app-01.example trace_id=trace-ace8eae3 msg="pool stats active=6 idle=7 waiting=0"
ts=1739868551 level=info service=app-server host=app-01.example trace_id=trace-8e5e2ed5 msg="session touch account=acct-a77d005a"
ts=1739868563 level=info service=app-server host=app-01.example trace_id=trace-dfa1bc24 msg="session touch account=acct-d3a7ddfa"
ts=1739868574 level=info service=app-server host=app-01.example trace_id=trace-e0dc2bd9 msg="pool stats active=6 idle=5 waiting=0"
ts=1739868586 level=debug service=app-server host=app-01.example trace_id=trace-dc517ebe msg="deployment scan completed in 386 ms"
ts=1739868597 level=info service=app-server host=app-01.example trace_id=trace-2f7dbafa msg="session touch account=acct-05fdda0d"
ts=1739868609 level=info service=app-server host=app-01.example trace_id=trace-e0dc2bd9 msg="pool stats active=6 idle=5 waiting=0"
ts=1739868620 level=info service=app-server host=app-01.example trace_id=trace-d5fce477 msg="session touch account=acct-27f95d04"
ts=1739868632 level=info service=app-server host=app-01.example trace_id=trace-8c0d81f3 msg="session touch account=acct-f8d3f0ee"
ts=1739868643 level=info service=app-server host=app-01.example trace_id=trace-4fc33d76 msg="pool stats active=6 idle=8 waiting=0"
ts=1739868655 level=info service=app-server host=app-01.example trace_id=trace-7407a2e1 msg="session touch account=acct-f5c9b792"
ts=1739868666 level=info service=app-server host=app-01.example trace_id=trace-317b4669 msg="session touch account=acct-5551e94a"
ts=1739868678 level=info service=app-server host=app-01.example trace_id=trace-ddbd6bfc msg="pool stats active=5 idle=7 waiting=0"
ts=1739868690 level=info service=app-server host=app-01.example trace_id=trace-34b5d881 msg="session touch account=acct-267b1a9a"
ts=1739868701 level=info service=app-server host=app-01.example trace_id=trace-b285179c msg="session touch account=acct-49cc05ee"
ts=1739868713 level=info service=app-server host=app-01.example trace_id=trace-ddbd6bfc msg="pool stats active=5 idle=7 waiting=0"
ts=1739868724 level=info service=app-server host=app-01.example trace_id=trace-f35fe15d msg="session touch account=acct-e4967d75"
ts=1739868736 level=info service=app-server host=app-01.example trace_id=trace-42798e63 msg="session touch account=acct-3eb3a1f8"
ts=1739868747 level=info service=app-server host=app-01.example trace_id=trace-4b28c1f8 msg="pool stats active=2 idle=6 waiting=0"
ts=1739868759 level=info service=app-server host=app-01.example trace_id=trace-29b4c3bf msg="session touch account=acct-3c859e57"
ts=1739868770 level=info service=app-server host=app-01.example trace_id=trace-0f4fd264 msg="session touch account=acct-e0b70217"
ts=1739868782 level=info service=app-server host=app-01.example trace_id=trace-5e4ed5c7 msg="pool stats active=0 idle=5 waiting=0"
ts=1739868793 level=info service=app-server host=app-01.example trace_id=trace-2dd255a2 msg="session touch account=acct-76fedef9"
ts=1739868805 level=info service=app-server host=app-01.example trace_id=trace-f67412db msg="session touch account=acct-e44418ab"
ts=1739868816 level=info service=app-server host=app-01.example trace_id=trace-52c519ef msg="pool stats active=1 idle=6 waiting=0"
ts=1739868828 level=info service=app-server host=app-01.example trace_id=trace-b7e62e2e msg="session touch account=acct-a0f71173"
ts=1739869000 level=error service=app-server host=app-01.example trace_id=trace-6eb41a72 msg="IceCubeConnectionPool unable to acquire ManagedConnection from pool java-pool-main after 30000ms txn-92250654"
ts=1739869060 level=error service=app-server host=app-01.example trace_id=trace-6eb41a72 msg="IceCubeConnectionPool unable to acquire ManagedConnection from pool java-pool-main after 30000ms txn-92250654"
ts=1739869080 level=error service=app-server host=app-01.example trace_id=trace-0793736d msg="JDBC connection refused connect to 192.0.2.10:5432 sql-state=08001 acquisition failed cause-2B3C55DA"
ts=1739869120 level=error service=app-server host=app-01.example trace_id=trace-6eb41a72 msg="IceCubeConnectionPool unable to acquire ManagedConnection from pool java-pool-main after 30000ms txn-92250654"
ts=1739869140 level=error service=app-server host=app-01.example trace_id=trace-0793736d msg="JDBC connection refused connect to 192.0.2.10:5432 sql-state=08001 acquisition failed cause-2B3C55DA"
ts=1739869160 level=warn service=app-server host=app-01.example trace_id=trace-da5b31fa msg="order submission failed could not persist entity Order ord-259F3CD6 cause=timeout"
ts=1739869220 level=warn service=app-server host=app-01.example trace_id=trace-da5b31fa msg="order submission failed could not persist entity Order ord-259F3CD6 cause=timeout"
